// Jest Snapshot v1, https://goo.gl/fbAQLP

exports[`Should render header correctly 1`] = `
<header
  className="App__header"
  style={
    Object {
      "backgroundColor": "black",
      "backgroundImage": "url(\\"Food_00.jpg\\")",
      "backgroundPosition": "center",
      "backgroundRepeat": "no-repeat",
      "backgroundSize": "100% auto",
    }
  }
>
  <h1
    className="App__title"
  >
    Gecko Fit
  </h1>
</header>
`;
